// Vitest Snapshot v1, https://vitest.dev/guide/snapshot.html

exports[`Color Control > should render a color control 1`] = `
"<div style=\\"left: 704px; top: 10px;\\" class=\\"absolute select-none z-24 w-280px font-sans text-xs\\">
  <div tabindex=\\"0\\" class=\\"bg-white shadow-xl rounded border-4 border-solid border-black\\">
    <header class=\\"relative cursor-grabbing p-4 flex justify-between text-gray-200 relative\\"><i class=\\"h-4 w-4 p-1.5 flex items-center line-height-0 rounded-full bg-gray-100 text-xs\\">🍰</i>
      <div><i class=\\"i-ic-baseline-drag-indicator\\"></i><i class=\\"i-ic-baseline-drag-indicator\\"></i><i class=\\"i-ic-baseline-drag-indicator\\"></i></div>
      <div></div>
    </header>
    <!--v-if-->
    <div class=\\"flex px-4 justify-between gap-4 items-center mb-2\\"><label class=\\"text-gray-500 w-1/3\\">colorValue</label><input type=\\"color\\"><input class=\\"p-2 w-2/3 rounded text-right text-xs text-gray-400 bg-gray-100 focus:border-gray-200 outline-none border-none font-sans\\" type=\\"text\\"></div>
  </div>
</div>"
`;
