// Vitest Snapshot v1, https://vitest.dev/guide/snapshot.html

exports[`TresLeches > should mount 1`] = `
"<div style=\\"left: 704px; top: 10px;\\" id=\\"test\\" class=\\"absolute select-none z-24 w-280px font-sans text-xs\\">
  <div tabindex=\\"0\\" class=\\"bg-white shadow-xl rounded border-4 border-solid border-black\\">
    <header class=\\"relative cursor-grabbing p-4 flex justify-between text-gray-200 relative\\"><i class=\\"h-4 w-4 p-1.5 flex items-center line-height-0 rounded-full bg-gray-100 text-xs\\">🍰</i>
      <div><i class=\\"i-ic-baseline-drag-indicator\\"></i><i class=\\"i-ic-baseline-drag-indicator\\"></i><i class=\\"i-ic-baseline-drag-indicator\\"></i></div>
      <div></div>
    </header>
  </div>
</div>"
`;
